// Jest Snapshot v1, https://goo.gl/fbAQLP

exports[`Form component renders Form 1`] = `
<AppProvider>
  <Form>
    <form
      onSubmit={[Function]}
    >
      <input
        onChange={[Function]}
        type="text"
      />
      <button>
        Submit
      </button>
    </form>
  </Form>
</AppProvider>
`;
